// Jest Snapshot v1, https://goo.gl/fbAQLP

exports[`Pruebas en <LoginScreen /> Debe de mostrarse correctamente 1`] = `
<div
  className="container login-container"
>
  <div
    className="row"
  >
    <div
      className="col-md-6 login-form-1"
    >
      <h3>
        Ingreso
      </h3>
      <form
        onSubmit={[Function]}
      >
        <div
          className="form-group"
        >
          <input
            className="form-control"
            name="email"
            onChange={[Function]}
            placeholder="Correo"
            type="text"
            value=""
          />
        </div>
        <div
          className="form-group"
        >
          <input
            className="form-control"
            name="password"
            onChange={[Function]}
            placeholder="Contraseña"
            type="password"
            value=""
          />
        </div>
        <div
          className="form-group btn-auth"
        >
          <input
            className="btnSubmit"
            type="submit"
            value="Login"
          />
        </div>
        <a
          className="btnSubmit btn-auth"
          href="/auth/register"
          onClick={[Function]}
        >
          Crear Nueva Cuenta
        </a>
        <a
          className="btnSubmit btn-auth mt-3"
          href="/auth/restablish"
          onClick={[Function]}
        >
          ¿Olvidaste tu Contraseña?
        </a>
      </form>
    </div>
  </div>
</div>
`;
